Test run for D:\github_repos\mcp-demo\tests\MCPDemo.Infrastructure.Tests\bin\Debug\net8.0\MCPDemo.Infrastructure.Tests.dll (.NETCoreApp,Version=v8.0)
VSTest version 17.14.1 (x64)

Starting test execution, please wait...
A total of 1 test files matched the specified pattern.
dotnet : [xUnit.net 
00:00:02.38]     MCPDemo.Infr
astructure.Tests.ExternalApi.
PlatziStoreApiClientTests.Get
ProductByIdAsync_NotFound_Ret
urnsNull [FAIL]
At line:1 char:1
+ dotnet test tests/MCPDemo.I
nfrastructure.Tests/ 
--no-build > test_out ...
+ ~~~~~~~~~~~~~~~~~~~~~~~~~~~
~~~~~~~~~~~~~~~~~~~~~~~~~~~~~
~~~~~~~~~~~~~
    + CategoryInfo           
   : NotSpecified: ([xUnit.  
  net 00:0...urnsNull [FAI   
 L]:String) [], RemoteExc    
eption
    + FullyQualifiedErrorId  
   : NativeCommandError
 
[xUnit.net 00:00:02.60]     M
CPDemo.Infrastructure.Tests.P
ythonSandbox.PythonSandboxSer
viceTests.ExecuteAsync_Timeou
t_ThrowsPythonSandboxExceptio
n [FAIL]
  Failed MCPDemo.Infrastructure.Tests.ExternalApi.PlatziStoreApiClientTests.GetProductByIdAsync_NotFound_ReturnsNull [1 s]
  Error Message:
   MCPDemo.Domain.Exceptions.EntityNotFoundException : Product with ID '1' was not found.
  Stack Trace:
     at MCPDemo.Infrastructure.ExternalApi.PlatziStoreApiClient.SendWithRetryAsync[T](Func`1 requestFunc, String entityType, String entityId) in D:\github_repos\mcp-demo\src\MCPDemo.Infrastructure\ExternalApi\PlatziStoreApiClient.cs:line 52
   at MCPDemo.Infrastructure.ExternalApi.PlatziStoreApiClient.GetProductByIdAsync(Int32 id) in D:\github_repos\mcp-demo\src\MCPDemo.Infrastructure\ExternalApi\PlatziStoreApiClient.cs:line 139
   at MCPDemo.Infrastructure.Tests.ExternalApi.PlatziStoreApiClientTests.GetProductByIdAsync_NotFound_ReturnsNull() in D:\github_repos\mcp-demo\tests\MCPDemo.Infrastructure.Tests\ExternalApi\PlatziStoreApiClientTests.cs:line 90
--- End of stack trace from previous location ---
  Failed MCPDemo.Infrastructure.Tests.PythonSandbox.PythonSandboxServiceTests.ExecuteAsync_Timeout_ThrowsPythonSandboxException [1 s]
  Error Message:
   NSubstitute.Exceptions.ReceivedCallsException : Expected to receive exactly 1 call matching:
	RecordExecution("run_python_code", any Int64, False, "Timeout")
Actually received no matching calls.
Received 1 non-matching call (non-matching arguments indicated with '*' characters):
	RecordExecution(*"__PythonSandbox__"*, 2, False, "Timeout")

  Stack Trace:
     at NSubstitute.Core.ReceivedCallsExceptionThrower.Throw(ICallSpecification callSpecification, IEnumerable`1 matchingCalls, IEnumerable`1 nonMatchingCalls, Quantity requiredQuantity)
   at NSubstitute.Routing.Handlers.CheckReceivedCallsHandler.Handle(ICall call)
   at NSubstitute.Routing.Route.Handle(ICall call)
   at NSubstitute.Core.CallRouter.Route(ICall call)
   at NSubstitute.Proxies.CastleDynamicProxy.CastleForwardingInterceptor.Intercept(IInvocation invocation)
   at Castle.DynamicProxy.AbstractInvocation.Proceed()
   at NSubstitute.Proxies.CastleDynamicProxy.ProxyIdInterceptor.Intercept(IInvocation invocation)
   at Castle.DynamicProxy.AbstractInvocation.Proceed()
   at Castle.Proxies.ObjectProxy_3.RecordExecution(String toolName, Int64 elapsedMs, Boolean success, String errorType)
   at MCPDemo.Infrastructure.Tests.PythonSandbox.PythonSandboxServiceTests.ExecuteAsync_Timeout_ThrowsPythonSandboxException() in D:\github_repos\mcp-demo\tests\MCPDemo.Infrastructure.Tests\PythonSandbox\PythonSandboxServiceTests.cs:line 73
--- End of stack trace from previous location ---
[xUnit.net 00:00:02.61]     M
CPDemo.Infrastructure.Tests.P
ythonSandbox.PythonSandboxSer
viceTests.ExecuteAsync_Unexpe
ctedException_ThrowsPythonSan
dboxException [FAIL]
[xUnit.net 00:00:02.61]     M
CPDemo.Infrastructure.Tests.P
ythonSandbox.PythonSandboxSer
viceTests.ExecuteAsync_NonZer
oExitCode_ThrowsPythonSandbox
Exception [FAIL]
[xUnit.net 00:00:02.85]     M
CPDemo.Infrastructure.Tests.P
ythonSandbox.PythonSandboxSer
viceTests.ExecuteAsync_ValidC
ode_ReturnsStdout [FAIL]
  Failed MCPDemo.Infrastructure.Tests.PythonSandbox.PythonSandboxServiceTests.ExecuteAsync_UnexpectedException_ThrowsPythonSandboxException [5 ms]
  Error Message:
   NSubstitute.Exceptions.ReceivedCallsException : Expected to receive exactly 1 call matching:
	RecordExecution("run_python_code", any Int64, False, "UnexpectedError")
Actually received no matching calls.
Received 1 non-matching call (non-matching arguments indicated with '*' characters):
	RecordExecution(*"__PythonSandbox__"*, 0, False, *"InvalidOperationException"*)

  Stack Trace:
     at NSubstitute.Core.ReceivedCallsExceptionThrower.Throw(ICallSpecification callSpecification, IEnumerable`1 matchingCalls, IEnumerable`1 nonMatchingCalls, Quantity requiredQuantity)
   at NSubstitute.Routing.Handlers.CheckReceivedCallsHandler.Handle(ICall call)
   at NSubstitute.Routing.Route.Handle(ICall call)
   at NSubstitute.Core.CallRouter.Route(ICall call)
   at NSubstitute.Proxies.CastleDynamicProxy.CastleForwardingInterceptor.Intercept(IInvocation invocation)
   at Castle.DynamicProxy.AbstractInvocation.Proceed()
   at NSubstitute.Proxies.CastleDynamicProxy.ProxyIdInterceptor.Intercept(IInvocation invocation)
   at Castle.DynamicProxy.AbstractInvocation.Proceed()
   at Castle.Proxies.ObjectProxy_3.RecordExecution(String toolName, Int64 elapsedMs, Boolean success, String errorType)
   at MCPDemo.Infrastructure.Tests.PythonSandbox.PythonSandboxServiceTests.ExecuteAsync_UnexpectedException_ThrowsPythonSandboxException() in D:\github_repos\mcp-demo\tests\MCPDemo.Infrastructure.Tests\PythonSandbox\PythonSandboxServiceTests.cs:line 89
--- End of stack trace from previous location ---
  Failed MCPDemo.Infrastructure.Tests.PythonSandbox.PythonSandboxServiceTests.ExecuteAsync_NonZeroExitCode_ThrowsPythonSandboxException [6 ms]
  Error Message:
   NSubstitute.Exceptions.ReceivedCallsException : Expected to receive exactly 1 call matching:
	RecordExecution("run_python_code", any Int64, False, "SandboxError")
Actually received no matching calls.
Received 1 non-matching call (non-matching arguments indicated with '*' characters):
	RecordExecution(*"__PythonSandbox__"*, 0, False, *"ExecutionError"*)

  Stack Trace:
     at NSubstitute.Core.ReceivedCallsExceptionThrower.Throw(ICallSpecification callSpecification, IEnumerable`1 matchingCalls, IEnumerable`1 nonMatchingCalls, Quantity requiredQuantity)
   at NSubstitute.Routing.Handlers.CheckReceivedCallsHandler.Handle(ICall call)
   at NSubstitute.Routing.Route.Handle(ICall call)
   at NSubstitute.Core.CallRouter.Route(ICall call)
   at NSubstitute.Proxies.CastleDynamicProxy.CastleForwardingInterceptor.Intercept(IInvocation invocation)
   at Castle.DynamicProxy.AbstractInvocation.Proceed()
   at NSubstitute.Proxies.CastleDynamicProxy.ProxyIdInterceptor.Intercept(IInvocation invocation)
   at Castle.DynamicProxy.AbstractInvocation.Proceed()
   at Castle.Proxies.ObjectProxy_3.RecordExecution(String toolName, Int64 elapsedMs, Boolean success, String errorType)
   at MCPDemo.Infrastructure.Tests.PythonSandbox.PythonSandboxServiceTests.ExecuteAsync_NonZeroExitCode_ThrowsPythonSandboxException() in D:\github_repos\mcp-demo\tests\MCPDemo.Infrastructure.Tests\PythonSandbox\PythonSandboxServiceTests.cs:line 57
--- End of stack trace from previous location ---
  Failed MCPDemo.Infrastructure.Tests.PythonSandbox.PythonSandboxServiceTests.ExecuteAsync_ValidCode_ReturnsStdout [238 ms]
  Error Message:
   Expected result to be "42", but it has unexpected whitespace at the end.
  Stack Trace:
     at FluentAssertions.Execution.LateBoundTestFramework.Throw(String message)
   at FluentAssertions.Execution.DefaultAssertionStrategy.HandleFailure(String message)
   at FluentAssertions.Execution.AssertionScope.AddPreFormattedFailure(String formattedFailureMessage)
   at FluentAssertions.Execution.AssertionChain.FailWith(Func`1 getFailureReason)
   at FluentAssertions.Execution.AssertionChain.FailWith(Func`1 getFailureReason)
   at FluentAssertions.Execution.AssertionChain.FailWith(String message, Object[] args)
   at FluentAssertions.Primitives.StringEqualityStrategy.ValidateAgainstSuperfluousWhitespace(AssertionChain assertion, String subject, String expected)
   at FluentAssertions.Primitives.StringEqualityStrategy.AssertForEquality(AssertionChain assertionChain, String subject, String expected)
   at FluentAssertions.Primitives.StringValidator.Validate(String subject, String expected)
   at FluentAssertions.Primitives.StringAssertions`1.Be(String expected, String because, Object[] becauseArgs)
   at MCPDemo.Infrastructure.Tests.PythonSandbox.PythonSandboxServiceTests.ExecuteAsync_ValidCode_ReturnsStdout() in D:\github_repos\mcp-demo\tests\MCPDemo.Infrastructure.Tests\PythonSandbox\PythonSandboxServiceTests.cs:line 40
--- End of stack trace from previous location ---
[xUnit.net 00:00:04.14]     M
CPDemo.Infrastructure.Tests.E
xternalApi.PlatziStoreApiClie
ntTests.GetAllProductsAsync_S
erverError_ThrowsHttpRequestE
xception [FAIL]
  Failed MCPDemo.Infrastructure.Tests.ExternalApi.PlatziStoreApiClientTests.GetAllProductsAsync_ServerError_ThrowsHttpRequestException [1 s]
  Error Message:
   Expected a <System.Net.Http.HttpRequestException> to be thrown, but found <MCPDemo.Shared.Exceptions.ExternalApiException>:
MCPDemo.Shared.Exceptions.ExternalApiException: API failed after 2 retries: InternalServerError
   at MCPDemo.Infrastructure.ExternalApi.PlatziStoreApiClient.SendWithRetryAsync[T](Func`1 requestFunc, String entityType, String entityId) in D:\github_repos\mcp-demo\src\MCPDemo.Infrastructure\ExternalApi\PlatziStoreApiClient.cs:line 64
   at MCPDemo.Infrastructure.ExternalApi.PlatziStoreApiClient.GetAllProductsAsync(Nullable`1 offset, Nullable`1 limit) in D:\github_repos\mcp-demo\src\MCPDemo.Infrastructure\ExternalApi\PlatziStoreApiClient.cs:line 134
   at FluentAssertions.Specialized.AsyncFunctionAssertions`2.InvokeWithInterceptionAsync(Func`1 action).
  Stack Trace:
     at FluentAssertions.Execution.LateBoundTestFramework.Throw(String message)
   at FluentAssertions.Execution.DefaultAssertionStrategy.HandleFailure(String message)
   at FluentAssertions.Execution.AssertionScope.AddPreFormattedFailure(String formattedFailureMessage)
   at FluentAssertions.Execution.AssertionChain.FailWith(Func`1 getFailureReason)
   at FluentAssertions.Execution.AssertionChain.FailWith(Func`1 getFailureReason)
   at FluentAssertions.Execution.AssertionChain.FailWith(String message, Object[] args)
   at FluentAssertions.Specialized.DelegateAssertionsBase`2.<>c__DisplayClass8_0`1.<ThrowInternal>b__0(AssertionChain chain)
   at FluentAssertions.Execution.AssertionChain.WithExpectation(String message, Action`1 chain, Object[] args)
   at FluentAssertions.Execution.AssertionChain.WithExpectation(String message, Object arg1, Action`1 chain)
   at FluentAssertions.Specialized.DelegateAssertionsBase`2.ThrowInternal[TException](Exception exception, String because, Object[] becauseArgs)
   at FluentAssertions.Specialized.AsyncFunctionAssertions`2.ThrowAsync[TException](String because, Object[] becauseArgs)
   at MCPDemo.Infrastructure.Tests.ExternalApi.PlatziStoreApiClientTests.GetAllProductsAsync_ServerError_ThrowsHttpRequestException() in D:\github_repos\mcp-demo\tests\MCPDemo.Infrastructure.Tests\ExternalApi\PlatziStoreApiClientTests.cs:line 109
--- End of stack trace from previous location ---

Failed!  - Failed:     6, Passed:     9, Skipped:     0, Total:    15, Duration: 2 s - MCPDemo.Infrastructure.Tests.dll (net8.0)
